// Jest Snapshot v1, https://goo.gl/fbAQLP

exports[`Render AudioPlayer Should AudioPlayer render correctly 1`] = `
<div
  className="track"
>
  <button
    className="track__button track__button--play"
    disabled={true}
    onClick={[Function]}
    type="button"
  />
  <div
    className="track__status"
  >
    <audio
      src="https://upload.wikimedia.org/wikipedia/commons/1/1f/Uganda_flag_and_national_anthem_-_Oh_Uganda_Land_o.ogg"
    />
  </div>
</div>
`;
